  --- Logical volume ---
  LV Path                /dev/VolGroup00/LogVol01
  LV Name                LogVol01
  VG Name                VolGroup00
  LV UUID                Q1k5K7-gaDi-vcZv-owrM-shMa-fX1g-HgMYd8
  LV Write Access        read/write
  LV Creation host, time localhost, 2015-09-09 08:38:48 -0700
  LV Status              available
  # open                 2
  LV Size                512.00 MiB
  Current LE             128
  Segments               1
  Allocation             inherit
  Read ahead sectors     auto
  - currently set to     8192
  Block device           253:0
   
  --- Logical volume ---
  LV Path                /dev/VolGroup00/LogVol00
  LV Name                LogVol00
  VG Name                VolGroup00
  LV UUID                wLFXwG-bDy3-WeuF-lTOA-Xj6m-89Es-acnSdb
  LV Write Access        read/write
  LV Creation host, time localhost, 2015-09-09 08:38:48 -0700
  LV Status              available
  # open                 1
  LV Size                7.26 GiB
  Current LE             1859
  Segments               1
  Allocation             inherit
  Read ahead sectors     auto
  - currently set to     8192
  Block device           253:1
   
  --- Logical volume ---
  LV Path                /dev/lab4VolGroup/lvstream
  LV Name                lvstream
  VG Name                lab4VolGroup
  LV UUID                sgxOas-qkG6-SlN3-o8NY-0pjS-NG6S-KBHllK
  LV Write Access        read/write
  LV Creation host, time 991198670.acs.edcc.edu, 2017-01-30 08:36:50 -0800
  LV Status              available
  # open                 0
  LV Size                504.00 MiB
  Current LE             126
  Segments               1
  Allocation             inherit
  Read ahead sectors     auto
  - currently set to     8192
  Block device           253:2
   
  --- Logical volume ---
  LV Path                /dev/lab5VolGroup/lvredundant
  LV Name                lvredundant
  VG Name                lab5VolGroup
  LV UUID                hw31In-YQv1-GXMR-S7Rq-uVps-jy4y-G5ucVZ
  LV Write Access        read/write
  LV Creation host, time 991198670.acs.edcc.edu, 2017-01-30 09:38:05 -0800
  LV Status              available
  # open                 1
  LV Size                400.00 MiB
  Current LE             100
  Mirrored volumes       4
  Segments               1
  Allocation             inherit
  Read ahead sectors     auto
  - currently set to     1024
  Block device           253:11
   
